TimeQuest Timing Analyzer report for DE2_Audio_Example
Thu Mar 22 16:36:26 2018
Quartus II 64-Bit Version 13.0.1 Build 232 06/12/2013 Service Pack 1 SJ Full Version


---------------------
; Table of Contents ;
---------------------
  1. Legal Notice
  2. TimeQuest Timing Analyzer Summary
  3. Parallel Compilation
  4. Clocks
  5. Slow Model Fmax Summary
  6. Slow Model Setup Summary
  7. Slow Model Hold Summary
  8. Slow Model Recovery Summary
  9. Slow Model Removal Summary
 10. Slow Model Minimum Pulse Width Summary
 11. Slow Model Minimum Pulse Width: 'altera_reserved_tck'
 12. Propagation Delay
 13. Minimum Propagation Delay
 14. Fast Model Setup Summary
 15. Fast Model Hold Summary
 16. Fast Model Recovery Summary
 17. Fast Model Removal Summary
 18. Fast Model Minimum Pulse Width Summary
 19. Fast Model Minimum Pulse Width: 'altera_reserved_tck'
 20. Propagation Delay
 21. Minimum Propagation Delay
 22. Multicorner Timing Analysis Summary
 23. Progagation Delay
 24. Minimum Progagation Delay
 25. Clock Transfers
 26. Report TCCS
 27. Report RSKM
 28. Unconstrained Paths
 29. TimeQuest Timing Analyzer Messages



----------------
; Legal Notice ;
----------------
Copyright (C) 1991-2013 Altera Corporation
Your use of Altera Corporation's design tools, logic functions 
and other software and tools, and its AMPP partner logic 
functions, and any output files from any of the foregoing 
(including device programming or simulation files), and any 
associated documentation or information are expressly subject 
to the terms and conditions of the Altera Program License 
Subscription Agreement, Altera MegaCore Function License 
Agreement, or other applicable license agreement, including, 
without limitation, that your use is for the sole purpose of 
programming logic devices manufactured by Altera and sold by 
Altera or its authorized distributors.  Please refer to the 
applicable agreement for further details.



+-----------------------------------------------------------------------------------------+
; TimeQuest Timing Analyzer Summary                                                       ;
+--------------------+--------------------------------------------------------------------+
; Quartus II Version ; Version 13.0.1 Build 232 06/12/2013 Service Pack 1 SJ Full Version ;
; Revision Name      ; DE2_Audio_Example                                                  ;
; Device Family      ; Cyclone II                                                         ;
; Device Name        ; EP2C35F672C6                                                       ;
; Timing Models      ; Final                                                              ;
; Delay Model        ; Combined                                                           ;
; Rise/Fall Delays   ; Unavailable                                                        ;
+--------------------+--------------------------------------------------------------------+


Parallel compilation was disabled, but you have multiple processors available. Enable parallel compilation to reduce compilation time.
+-------------------------------------+
; Parallel Compilation                ;
+----------------------------+--------+
; Processors                 ; Number ;
+----------------------------+--------+
; Number detected on machine ; 8      ;
; Maximum allowed            ; 1      ;
+----------------------------+--------+


+-----------------------------------------------------------------------------------------------------------------------------------------------------------------------------------------------------------+
; Clocks                                                                                                                                                                                                    ;
+---------------------+------+---------+-----------+-------+--------+------------+-----------+-------------+-------+--------+-----------+------------+----------+--------+--------+-------------------------+
; Clock Name          ; Type ; Period  ; Frequency ; Rise  ; Fall   ; Duty Cycle ; Divide by ; Multiply by ; Phase ; Offset ; Edge List ; Edge Shift ; Inverted ; Master ; Source ; Targets                 ;
+---------------------+------+---------+-----------+-------+--------+------------+-----------+-------------+-------+--------+-----------+------------+----------+--------+--------+-------------------------+
; altera_reserved_tck ; Base ; 100.000 ; 10.0 MHz  ; 0.000 ; 50.000 ;            ;           ;             ;       ;        ;           ;            ;          ;        ;        ; { altera_reserved_tck } ;
+---------------------+------+---------+-----------+-------+--------+------------+-----------+-------------+-------+--------+-----------+------------+----------+--------+--------+-------------------------+


---------------------------
; Slow Model Fmax Summary ;
---------------------------
No paths to report.


----------------------------
; Slow Model Setup Summary ;
----------------------------
No paths to report.


---------------------------
; Slow Model Hold Summary ;
---------------------------
No paths to report.


-------------------------------
; Slow Model Recovery Summary ;
-------------------------------
No paths to report.


------------------------------
; Slow Model Removal Summary ;
------------------------------
No paths to report.


+----------------------------------------------+
; Slow Model Minimum Pulse Width Summary       ;
+---------------------+--------+---------------+
; Clock               ; Slack  ; End Point TNS ;
+---------------------+--------+---------------+
; altera_reserved_tck ; 97.778 ; 0.000         ;
+---------------------+--------+---------------+


+-------------------------------------------------------------------------------------------------------------+
; Slow Model Minimum Pulse Width: 'altera_reserved_tck'                                                       ;
+--------+--------------+----------------+-----------+---------------------+------------+---------------------+
; Slack  ; Actual Width ; Required Width ; Type      ; Clock               ; Clock Edge ; Target              ;
+--------+--------------+----------------+-----------+---------------------+------------+---------------------+
; 97.778 ; 100.000      ; 2.222          ; Port Rate ; altera_reserved_tck ; Rise       ; altera_reserved_tck ;
+--------+--------------+----------------+-----------+---------------------+------------+---------------------+


+--------------------------------------------------------------+
; Propagation Delay                                            ;
+------------+-------------+--------+--------+--------+--------+
; Input Port ; Output Port ; RR     ; RF     ; FR     ; FF     ;
+------------+-------------+--------+--------+--------+--------+
; CLOCK_50   ; AUD_XCK     ; 2.969  ;        ;        ; 2.969  ;
; SW[15]     ; LEDR[1]     ; 22.830 ; 22.830 ; 22.830 ; 22.830 ;
; SW[15]     ; LEDR[2]     ; 24.147 ; 24.147 ; 24.147 ; 24.147 ;
; SW[15]     ; LEDR[3]     ; 22.809 ; 22.809 ; 22.809 ; 22.809 ;
; SW[15]     ; LEDR[4]     ; 23.983 ; 23.983 ; 23.983 ; 23.983 ;
; SW[15]     ; LEDR[5]     ; 24.580 ; 24.580 ; 24.580 ; 24.580 ;
; SW[15]     ; LEDR[6]     ; 23.931 ; 23.931 ; 23.931 ; 23.931 ;
; SW[15]     ; LEDR[7]     ; 22.627 ; 22.627 ; 22.627 ; 22.627 ;
; SW[15]     ; LEDR[9]     ; 21.938 ; 21.938 ; 21.938 ; 21.938 ;
; SW[16]     ; LEDR[1]     ; 22.373 ; 22.373 ; 22.373 ; 22.373 ;
; SW[16]     ; LEDR[2]     ; 23.690 ; 23.690 ; 23.690 ; 23.690 ;
; SW[16]     ; LEDR[3]     ; 22.352 ; 22.352 ; 22.352 ; 22.352 ;
; SW[16]     ; LEDR[4]     ; 23.526 ; 23.526 ; 23.526 ; 23.526 ;
; SW[16]     ; LEDR[5]     ; 24.123 ; 24.123 ; 24.123 ; 24.123 ;
; SW[16]     ; LEDR[6]     ; 23.474 ; 23.474 ; 23.474 ; 23.474 ;
; SW[16]     ; LEDR[7]     ; 22.170 ; 22.170 ; 22.170 ; 22.170 ;
; SW[16]     ; LEDR[9]     ; 21.481 ; 21.481 ; 21.481 ; 21.481 ;
; SW[17]     ; LEDR[1]     ; 22.701 ; 22.701 ; 22.701 ; 22.701 ;
; SW[17]     ; LEDR[2]     ; 24.018 ; 24.018 ; 24.018 ; 24.018 ;
; SW[17]     ; LEDR[3]     ; 22.680 ; 22.680 ; 22.680 ; 22.680 ;
; SW[17]     ; LEDR[4]     ; 23.854 ; 23.854 ; 23.854 ; 23.854 ;
; SW[17]     ; LEDR[5]     ; 24.451 ; 24.451 ; 24.451 ; 24.451 ;
; SW[17]     ; LEDR[6]     ; 23.802 ; 23.802 ; 23.802 ; 23.802 ;
; SW[17]     ; LEDR[7]     ; 22.498 ; 22.498 ; 22.498 ; 22.498 ;
; SW[17]     ; LEDR[9]     ; 21.809 ; 21.809 ; 21.809 ; 21.809 ;
+------------+-------------+--------+--------+--------+--------+


+--------------------------------------------------------------+
; Minimum Propagation Delay                                    ;
+------------+-------------+--------+--------+--------+--------+
; Input Port ; Output Port ; RR     ; RF     ; FR     ; FF     ;
+------------+-------------+--------+--------+--------+--------+
; CLOCK_50   ; AUD_XCK     ; 2.969  ;        ;        ; 2.969  ;
; SW[15]     ; LEDR[1]     ; 16.220 ; 16.220 ; 16.220 ; 16.220 ;
; SW[15]     ; LEDR[2]     ; 16.916 ; 16.916 ; 16.916 ; 16.916 ;
; SW[15]     ; LEDR[3]     ; 15.583 ; 15.583 ; 15.583 ; 15.583 ;
; SW[15]     ; LEDR[4]     ; 15.930 ; 15.930 ; 15.930 ; 15.930 ;
; SW[15]     ; LEDR[5]     ; 16.484 ; 16.484 ; 16.484 ; 16.484 ;
; SW[15]     ; LEDR[6]     ; 15.901 ; 15.901 ; 15.901 ; 15.901 ;
; SW[15]     ; LEDR[7]     ; 15.367 ; 15.367 ; 15.367 ; 15.367 ;
; SW[15]     ; LEDR[9]     ; 14.678 ; 14.678 ; 14.678 ; 14.678 ;
; SW[16]     ; LEDR[1]     ; 16.221 ; 16.221 ; 16.221 ; 16.221 ;
; SW[16]     ; LEDR[2]     ; 16.917 ; 16.917 ; 16.917 ; 16.917 ;
; SW[16]     ; LEDR[3]     ; 15.584 ; 15.584 ; 15.584 ; 15.584 ;
; SW[16]     ; LEDR[4]     ; 15.989 ; 15.989 ; 15.989 ; 15.989 ;
; SW[16]     ; LEDR[5]     ; 16.587 ; 16.587 ; 16.587 ; 16.587 ;
; SW[16]     ; LEDR[6]     ; 16.071 ; 16.071 ; 16.071 ; 16.071 ;
; SW[16]     ; LEDR[7]     ; 15.518 ; 15.518 ; 15.518 ; 15.518 ;
; SW[16]     ; LEDR[9]     ; 14.829 ; 14.829 ; 14.829 ; 14.829 ;
; SW[17]     ; LEDR[1]     ; 15.964 ; 15.964 ; 15.964 ; 15.964 ;
; SW[17]     ; LEDR[2]     ; 16.660 ; 16.660 ; 16.660 ; 16.660 ;
; SW[17]     ; LEDR[3]     ; 15.327 ; 15.327 ; 15.327 ; 15.327 ;
; SW[17]     ; LEDR[4]     ; 15.732 ; 15.732 ; 15.732 ; 15.732 ;
; SW[17]     ; LEDR[5]     ; 16.330 ; 16.330 ; 16.330 ; 16.330 ;
; SW[17]     ; LEDR[6]     ; 15.814 ; 15.814 ; 15.814 ; 15.814 ;
; SW[17]     ; LEDR[7]     ; 15.261 ; 15.261 ; 15.261 ; 15.261 ;
; SW[17]     ; LEDR[9]     ; 14.572 ; 14.572 ; 14.572 ; 14.572 ;
+------------+-------------+--------+--------+--------+--------+


----------------------------
; Fast Model Setup Summary ;
----------------------------
No paths to report.


---------------------------
; Fast Model Hold Summary ;
---------------------------
No paths to report.


-------------------------------
; Fast Model Recovery Summary ;
-------------------------------
No paths to report.


------------------------------
; Fast Model Removal Summary ;
------------------------------
No paths to report.


+----------------------------------------------+
; Fast Model Minimum Pulse Width Summary       ;
+---------------------+--------+---------------+
; Clock               ; Slack  ; End Point TNS ;
+---------------------+--------+---------------+
; altera_reserved_tck ; 97.778 ; 0.000         ;
+---------------------+--------+---------------+


+-------------------------------------------------------------------------------------------------------------+
; Fast Model Minimum Pulse Width: 'altera_reserved_tck'                                                       ;
+--------+--------------+----------------+-----------+---------------------+------------+---------------------+
; Slack  ; Actual Width ; Required Width ; Type      ; Clock               ; Clock Edge ; Target              ;
+--------+--------------+----------------+-----------+---------------------+------------+---------------------+
; 97.778 ; 100.000      ; 2.222          ; Port Rate ; altera_reserved_tck ; Rise       ; altera_reserved_tck ;
+--------+--------------+----------------+-----------+---------------------+------------+---------------------+


+--------------------------------------------------------------+
; Propagation Delay                                            ;
+------------+-------------+--------+--------+--------+--------+
; Input Port ; Output Port ; RR     ; RF     ; FR     ; FF     ;
+------------+-------------+--------+--------+--------+--------+
; CLOCK_50   ; AUD_XCK     ; 1.504  ;        ;        ; 1.504  ;
; SW[15]     ; LEDR[1]     ; 11.413 ; 11.413 ; 11.413 ; 11.413 ;
; SW[15]     ; LEDR[2]     ; 12.061 ; 12.061 ; 12.061 ; 12.061 ;
; SW[15]     ; LEDR[3]     ; 11.438 ; 11.438 ; 11.438 ; 11.438 ;
; SW[15]     ; LEDR[4]     ; 11.977 ; 11.977 ; 11.977 ; 11.977 ;
; SW[15]     ; LEDR[5]     ; 12.190 ; 12.190 ; 12.190 ; 12.190 ;
; SW[15]     ; LEDR[6]     ; 11.914 ; 11.914 ; 11.914 ; 11.914 ;
; SW[15]     ; LEDR[7]     ; 11.351 ; 11.351 ; 11.351 ; 11.351 ;
; SW[15]     ; LEDR[9]     ; 10.989 ; 10.989 ; 10.989 ; 10.989 ;
; SW[16]     ; LEDR[1]     ; 11.217 ; 11.217 ; 11.217 ; 11.217 ;
; SW[16]     ; LEDR[2]     ; 11.865 ; 11.865 ; 11.865 ; 11.865 ;
; SW[16]     ; LEDR[3]     ; 11.242 ; 11.242 ; 11.242 ; 11.242 ;
; SW[16]     ; LEDR[4]     ; 11.781 ; 11.781 ; 11.781 ; 11.781 ;
; SW[16]     ; LEDR[5]     ; 11.994 ; 11.994 ; 11.994 ; 11.994 ;
; SW[16]     ; LEDR[6]     ; 11.718 ; 11.718 ; 11.718 ; 11.718 ;
; SW[16]     ; LEDR[7]     ; 11.155 ; 11.155 ; 11.155 ; 11.155 ;
; SW[16]     ; LEDR[9]     ; 10.793 ; 10.793 ; 10.793 ; 10.793 ;
; SW[17]     ; LEDR[1]     ; 11.353 ; 11.353 ; 11.353 ; 11.353 ;
; SW[17]     ; LEDR[2]     ; 12.001 ; 12.001 ; 12.001 ; 12.001 ;
; SW[17]     ; LEDR[3]     ; 11.378 ; 11.378 ; 11.378 ; 11.378 ;
; SW[17]     ; LEDR[4]     ; 11.917 ; 11.917 ; 11.917 ; 11.917 ;
; SW[17]     ; LEDR[5]     ; 12.130 ; 12.130 ; 12.130 ; 12.130 ;
; SW[17]     ; LEDR[6]     ; 11.854 ; 11.854 ; 11.854 ; 11.854 ;
; SW[17]     ; LEDR[7]     ; 11.291 ; 11.291 ; 11.291 ; 11.291 ;
; SW[17]     ; LEDR[9]     ; 10.929 ; 10.929 ; 10.929 ; 10.929 ;
+------------+-------------+--------+--------+--------+--------+


+----------------------------------------------------------+
; Minimum Propagation Delay                                ;
+------------+-------------+-------+-------+-------+-------+
; Input Port ; Output Port ; RR    ; RF    ; FR    ; FF    ;
+------------+-------------+-------+-------+-------+-------+
; CLOCK_50   ; AUD_XCK     ; 1.504 ;       ;       ; 1.504 ;
; SW[15]     ; LEDR[1]     ; 8.472 ; 8.472 ; 8.472 ; 8.472 ;
; SW[15]     ; LEDR[2]     ; 8.825 ; 8.825 ; 8.825 ; 8.825 ;
; SW[15]     ; LEDR[3]     ; 8.201 ; 8.201 ; 8.201 ; 8.201 ;
; SW[15]     ; LEDR[4]     ; 8.372 ; 8.372 ; 8.372 ; 8.372 ;
; SW[15]     ; LEDR[5]     ; 8.607 ; 8.607 ; 8.607 ; 8.607 ;
; SW[15]     ; LEDR[6]     ; 8.371 ; 8.371 ; 8.371 ; 8.371 ;
; SW[15]     ; LEDR[7]     ; 8.140 ; 8.140 ; 8.140 ; 8.140 ;
; SW[15]     ; LEDR[9]     ; 7.778 ; 7.778 ; 7.778 ; 7.778 ;
; SW[16]     ; LEDR[1]     ; 8.497 ; 8.497 ; 8.497 ; 8.497 ;
; SW[16]     ; LEDR[2]     ; 8.850 ; 8.850 ; 8.850 ; 8.850 ;
; SW[16]     ; LEDR[3]     ; 8.226 ; 8.226 ; 8.226 ; 8.226 ;
; SW[16]     ; LEDR[4]     ; 8.402 ; 8.402 ; 8.402 ; 8.402 ;
; SW[16]     ; LEDR[5]     ; 8.637 ; 8.637 ; 8.637 ; 8.637 ;
; SW[16]     ; LEDR[6]     ; 8.484 ; 8.484 ; 8.484 ; 8.484 ;
; SW[16]     ; LEDR[7]     ; 8.209 ; 8.209 ; 8.209 ; 8.209 ;
; SW[16]     ; LEDR[9]     ; 7.847 ; 7.847 ; 7.847 ; 7.847 ;
; SW[17]     ; LEDR[1]     ; 8.369 ; 8.369 ; 8.369 ; 8.369 ;
; SW[17]     ; LEDR[2]     ; 8.722 ; 8.722 ; 8.722 ; 8.722 ;
; SW[17]     ; LEDR[3]     ; 8.098 ; 8.098 ; 8.098 ; 8.098 ;
; SW[17]     ; LEDR[4]     ; 8.274 ; 8.274 ; 8.274 ; 8.274 ;
; SW[17]     ; LEDR[5]     ; 8.509 ; 8.509 ; 8.509 ; 8.509 ;
; SW[17]     ; LEDR[6]     ; 8.353 ; 8.353 ; 8.353 ; 8.353 ;
; SW[17]     ; LEDR[7]     ; 8.081 ; 8.081 ; 8.081 ; 8.081 ;
; SW[17]     ; LEDR[9]     ; 7.719 ; 7.719 ; 7.719 ; 7.719 ;
+------------+-------------+-------+-------+-------+-------+


+--------------------------------------------------------------------------------+
; Multicorner Timing Analysis Summary                                            ;
+----------------------+-------+------+----------+---------+---------------------+
; Clock                ; Setup ; Hold ; Recovery ; Removal ; Minimum Pulse Width ;
+----------------------+-------+------+----------+---------+---------------------+
; Worst-case Slack     ; N/A   ; N/A  ; N/A      ; N/A     ; 97.778              ;
;  altera_reserved_tck ; N/A   ; N/A  ; N/A      ; N/A     ; 97.778              ;
; Design-wide TNS      ; 0.0   ; 0.0  ; 0.0      ; 0.0     ; 0.0                 ;
;  altera_reserved_tck ; N/A   ; N/A  ; N/A      ; N/A     ; 0.000               ;
+----------------------+-------+------+----------+---------+---------------------+


+--------------------------------------------------------------+
; Progagation Delay                                            ;
+------------+-------------+--------+--------+--------+--------+
; Input Port ; Output Port ; RR     ; RF     ; FR     ; FF     ;
+------------+-------------+--------+--------+--------+--------+
; CLOCK_50   ; AUD_XCK     ; 2.969  ;        ;        ; 2.969  ;
; SW[15]     ; LEDR[1]     ; 22.830 ; 22.830 ; 22.830 ; 22.830 ;
; SW[15]     ; LEDR[2]     ; 24.147 ; 24.147 ; 24.147 ; 24.147 ;
; SW[15]     ; LEDR[3]     ; 22.809 ; 22.809 ; 22.809 ; 22.809 ;
; SW[15]     ; LEDR[4]     ; 23.983 ; 23.983 ; 23.983 ; 23.983 ;
; SW[15]     ; LEDR[5]     ; 24.580 ; 24.580 ; 24.580 ; 24.580 ;
; SW[15]     ; LEDR[6]     ; 23.931 ; 23.931 ; 23.931 ; 23.931 ;
; SW[15]     ; LEDR[7]     ; 22.627 ; 22.627 ; 22.627 ; 22.627 ;
; SW[15]     ; LEDR[9]     ; 21.938 ; 21.938 ; 21.938 ; 21.938 ;
; SW[16]     ; LEDR[1]     ; 22.373 ; 22.373 ; 22.373 ; 22.373 ;
; SW[16]     ; LEDR[2]     ; 23.690 ; 23.690 ; 23.690 ; 23.690 ;
; SW[16]     ; LEDR[3]     ; 22.352 ; 22.352 ; 22.352 ; 22.352 ;
; SW[16]     ; LEDR[4]     ; 23.526 ; 23.526 ; 23.526 ; 23.526 ;
; SW[16]     ; LEDR[5]     ; 24.123 ; 24.123 ; 24.123 ; 24.123 ;
; SW[16]     ; LEDR[6]     ; 23.474 ; 23.474 ; 23.474 ; 23.474 ;
; SW[16]     ; LEDR[7]     ; 22.170 ; 22.170 ; 22.170 ; 22.170 ;
; SW[16]     ; LEDR[9]     ; 21.481 ; 21.481 ; 21.481 ; 21.481 ;
; SW[17]     ; LEDR[1]     ; 22.701 ; 22.701 ; 22.701 ; 22.701 ;
; SW[17]     ; LEDR[2]     ; 24.018 ; 24.018 ; 24.018 ; 24.018 ;
; SW[17]     ; LEDR[3]     ; 22.680 ; 22.680 ; 22.680 ; 22.680 ;
; SW[17]     ; LEDR[4]     ; 23.854 ; 23.854 ; 23.854 ; 23.854 ;
; SW[17]     ; LEDR[5]     ; 24.451 ; 24.451 ; 24.451 ; 24.451 ;
; SW[17]     ; LEDR[6]     ; 23.802 ; 23.802 ; 23.802 ; 23.802 ;
; SW[17]     ; LEDR[7]     ; 22.498 ; 22.498 ; 22.498 ; 22.498 ;
; SW[17]     ; LEDR[9]     ; 21.809 ; 21.809 ; 21.809 ; 21.809 ;
+------------+-------------+--------+--------+--------+--------+


+----------------------------------------------------------+
; Minimum Progagation Delay                                ;
+------------+-------------+-------+-------+-------+-------+
; Input Port ; Output Port ; RR    ; RF    ; FR    ; FF    ;
+------------+-------------+-------+-------+-------+-------+
; CLOCK_50   ; AUD_XCK     ; 1.504 ;       ;       ; 1.504 ;
; SW[15]     ; LEDR[1]     ; 8.472 ; 8.472 ; 8.472 ; 8.472 ;
; SW[15]     ; LEDR[2]     ; 8.825 ; 8.825 ; 8.825 ; 8.825 ;
; SW[15]     ; LEDR[3]     ; 8.201 ; 8.201 ; 8.201 ; 8.201 ;
; SW[15]     ; LEDR[4]     ; 8.372 ; 8.372 ; 8.372 ; 8.372 ;
; SW[15]     ; LEDR[5]     ; 8.607 ; 8.607 ; 8.607 ; 8.607 ;
; SW[15]     ; LEDR[6]     ; 8.371 ; 8.371 ; 8.371 ; 8.371 ;
; SW[15]     ; LEDR[7]     ; 8.140 ; 8.140 ; 8.140 ; 8.140 ;
; SW[15]     ; LEDR[9]     ; 7.778 ; 7.778 ; 7.778 ; 7.778 ;
; SW[16]     ; LEDR[1]     ; 8.497 ; 8.497 ; 8.497 ; 8.497 ;
; SW[16]     ; LEDR[2]     ; 8.850 ; 8.850 ; 8.850 ; 8.850 ;
; SW[16]     ; LEDR[3]     ; 8.226 ; 8.226 ; 8.226 ; 8.226 ;
; SW[16]     ; LEDR[4]     ; 8.402 ; 8.402 ; 8.402 ; 8.402 ;
; SW[16]     ; LEDR[5]     ; 8.637 ; 8.637 ; 8.637 ; 8.637 ;
; SW[16]     ; LEDR[6]     ; 8.484 ; 8.484 ; 8.484 ; 8.484 ;
; SW[16]     ; LEDR[7]     ; 8.209 ; 8.209 ; 8.209 ; 8.209 ;
; SW[16]     ; LEDR[9]     ; 7.847 ; 7.847 ; 7.847 ; 7.847 ;
; SW[17]     ; LEDR[1]     ; 8.369 ; 8.369 ; 8.369 ; 8.369 ;
; SW[17]     ; LEDR[2]     ; 8.722 ; 8.722 ; 8.722 ; 8.722 ;
; SW[17]     ; LEDR[3]     ; 8.098 ; 8.098 ; 8.098 ; 8.098 ;
; SW[17]     ; LEDR[4]     ; 8.274 ; 8.274 ; 8.274 ; 8.274 ;
; SW[17]     ; LEDR[5]     ; 8.509 ; 8.509 ; 8.509 ; 8.509 ;
; SW[17]     ; LEDR[6]     ; 8.353 ; 8.353 ; 8.353 ; 8.353 ;
; SW[17]     ; LEDR[7]     ; 8.081 ; 8.081 ; 8.081 ; 8.081 ;
; SW[17]     ; LEDR[9]     ; 7.719 ; 7.719 ; 7.719 ; 7.719 ;
+------------+-------------+-------+-------+-------+-------+


-------------------
; Clock Transfers ;
-------------------
Nothing to report.


---------------
; Report TCCS ;
---------------
No dedicated SERDES Transmitter circuitry present in device or used in design


---------------
; Report RSKM ;
---------------
No dedicated SERDES Receiver circuitry present in device or used in design


+------------------------------------------------+
; Unconstrained Paths                            ;
+---------------------------------+-------+------+
; Property                        ; Setup ; Hold ;
+---------------------------------+-------+------+
; Illegal Clocks                  ; 0     ; 0    ;
; Unconstrained Clocks            ; 4     ; 4    ;
; Unconstrained Input Ports       ; 11    ; 11   ;
; Unconstrained Input Port Paths  ; 897   ; 897  ;
; Unconstrained Output Ports      ; 12    ; 12   ;
; Unconstrained Output Port Paths ; 1627  ; 1627 ;
+---------------------------------+-------+------+


+------------------------------------+
; TimeQuest Timing Analyzer Messages ;
+------------------------------------+
Info: *******************************************************************
Info: Running Quartus II 64-Bit TimeQuest Timing Analyzer
    Info: Version 13.0.1 Build 232 06/12/2013 Service Pack 1 SJ Full Version
    Info: Processing started: Thu Mar 22 16:36:17 2018
Info: Command: quartus_sta AudioLab -c DE2_Audio_Example
Info: qsta_default_script.tcl version: #1
Warning (335093): TimeQuest Timing Analyzer is analyzing 16 combinational loops as latches.
Info (332164): Evaluating HDL-embedded SDC commands
    Info (332165): Entity sld_jtag_hub
        Info (332166): create_clock -name altera_reserved_tck [get_ports {altera_reserved_tck}] -period 10MHz   
        Info (332166): set_clock_groups -asynchronous -group {altera_reserved_tck}
Critical Warning (332012): Synopsys Design Constraints File file not found: 'DE2_Audio_Example.sdc'. A Synopsys Design Constraints File is required by the TimeQuest Timing Analyzer to get proper timing constraints. Without it, the Compiler will not properly optimize the design.
Warning (332060): Node: avconf:inst1|mI2C_CTRL_CLK was determined to be a clock but was found without an associated clock assignment.
Warning (332060): Node: CLOCK_50 was determined to be a clock but was found without an associated clock assignment.
Warning (332060): Node: avconf:inst1|LUT_INDEX[1] was determined to be a clock but was found without an associated clock assignment.
Warning (332060): Node: Audio_Controller:inst|audio_in_available was determined to be a clock but was found without an associated clock assignment.
Warning (332056): PLL cross checking found inconsistent PLL clock settings:
    Warning (332056): Node: inst|Audio_Clock|altpll_component|pll|clk[0] was found missing 1 generated clock that corresponds to a base clock with a period of: 20.000
Info: Found TIMEQUEST_REPORT_SCRIPT_INCLUDE_DEFAULT_ANALYSIS = ON
Info: Analyzing Slow Model
Info (332140): No fmax paths to report
Info (332140): No Setup paths to report
Info (332140): No Hold paths to report
Info (332140): No Recovery paths to report
Info (332140): No Removal paths to report
Info (332146): Worst-case minimum pulse width slack is 97.778
    Info (332119):     Slack End Point TNS Clock 
    Info (332119): ========= ============= =====================
    Info (332119):    97.778         0.000 altera_reserved_tck 
Info (332001): The selected device family is not supported by the report_metastability command.
Info: Analyzing Fast Model
Warning (332060): Node: avconf:inst1|mI2C_CTRL_CLK was determined to be a clock but was found without an associated clock assignment.
Warning (332060): Node: CLOCK_50 was determined to be a clock but was found without an associated clock assignment.
Warning (332060): Node: avconf:inst1|LUT_INDEX[1] was determined to be a clock but was found without an associated clock assignment.
Warning (332060): Node: Audio_Controller:inst|audio_in_available was determined to be a clock but was found without an associated clock assignment.
Warning (332056): PLL cross checking found inconsistent PLL clock settings:
    Warning (332056): Node: inst|Audio_Clock|altpll_component|pll|clk[0] was found missing 1 generated clock that corresponds to a base clock with a period of: 20.000
Info (332140): No Setup paths to report
Info (332140): No Hold paths to report
Info (332140): No Recovery paths to report
Info (332140): No Removal paths to report
Info (332146): Worst-case minimum pulse width slack is 97.778
    Info (332119):     Slack End Point TNS Clock 
    Info (332119): ========= ============= =====================
    Info (332119):    97.778         0.000 altera_reserved_tck 
Info (332001): The selected device family is not supported by the report_metastability command.
Info (332102): Design is not fully constrained for setup requirements
Info (332102): Design is not fully constrained for hold requirements
Info: Quartus II 64-Bit TimeQuest Timing Analyzer was successful. 0 errors, 14 warnings
    Info: Peak virtual memory: 481 megabytes
    Info: Processing ended: Thu Mar 22 16:36:26 2018
    Info: Elapsed time: 00:00:09
    Info: Total CPU time (on all processors): 00:00:02


